
Map of Debug\sensor.sm8 from link file Debug\sensor.lkf - Fri Mar 04 17:33:18 2016


                               --------
                               Segments
                               --------

start 00008080 end 000080be length    62 segment .const
start 000080c1 end 00008a79 length  2488 segment .text
start 00004000 end 00004000 length     0 segment .eeprom
start 00000000 end 00000000 length     0 segment .bsct
start 00000000 end 0000007f length   127 segment .ubsct
start 0000007f end 0000007f length     0 segment .bit
start 0000007f end 0000007f length     0 segment .share
start 00000100 end 00000100 length     0 segment .data
start 00000100 end 00000100 length     0 segment .bss
start 00000000 end 000003fc length  1020 segment .info.
start 00000000 end 0000b827 length 47143 segment .debug
start 00008000 end 00008080 length   128 segment .const
start 000080be end 000080c1 length     3 segment .init


                               -------
                               Modules
                               -------

D:\Program Files (x86)\COSMIC\CXSTM8_EVAL\lib\crtsi0.sm8:
start 000080c1 end 0000810c length    75 section .text
start 00000100 end 00000100 length     0 section .bss
start 00000000 end 00000000 length     0 section .ubsct
start 00000000 end 00000030 length    48 section .info.

Debug\dht11.o:
start 0000810c end 00008233 length   295 section .text
start 00000000 end 00000009 length     9 section .ubsct
start 00000000 end 00001d8c length  7564 section .debug
start 00000030 end 0000009e length   110 section .info.

Debug\main.o:
start 00008233 end 000085c2 length   911 section .text
start 00000009 end 00000017 length    14 section .ubsct
start 00001d8c end 00003dd0 length  8260 section .debug
start 0000009e end 0000010b length   109 section .info.

Debug\spi.o:
start 000085c2 end 000086d8 length   278 section .text
start 00003dd0 end 00005c9d length  7885 section .debug
start 0000010b end 00000177 length   108 section .info.

Debug\stm8s_flash.o:
start 000086d8 end 00008794 length   188 section .text
start 00005c9d end 000079cd length  7472 section .debug
start 00000177 end 000001eb length   116 section .info.
start 00008080 end 00008090 length    16 section .const

Debug\sx1276_7_8.o:
start 00008794 end 00008a20 length   652 section .text
start 00000017 end 00000075 length    94 section .ubsct
start 000079cd end 000099a9 length  8156 section .debug
start 000001eb end 0000025e length   115 section .info.
start 00008090 end 000080be length    46 section .const

(D:\Program Files (x86)\COSMIC\CXSTM8_EVAL\lib\libm0.sm8)lcmp.o:
start 00008a20 end 00008a40 length    32 section .text
start 0000025e end 0000028d length    47 section .info.

(D:\Program Files (x86)\COSMIC\CXSTM8_EVAL\lib\libm0.sm8)lreg.o:
start 00000075 end 00000079 length     4 section .ubsct
start 0000028d end 000002bc length    47 section .info.

(D:\Program Files (x86)\COSMIC\CXSTM8_EVAL\lib\libm0.sm8)ltor.o:
start 00008a40 end 00008a52 length    18 section .text
start 000002bc end 000002eb length    47 section .info.

(D:\Program Files (x86)\COSMIC\CXSTM8_EVAL\lib\libm0.sm8)xreg.o:
start 00000079 end 0000007c length     3 section .ubsct
start 000002eb end 0000031a length    47 section .info.

(D:\Program Files (x86)\COSMIC\CXSTM8_EVAL\lib\libm0.sm8)yreg.o:
start 0000007c end 0000007f length     3 section .ubsct
start 0000031a end 00000349 length    47 section .info.

Debug\stm8_interrupt_vector.o:
start 00008a52 end 00008a79 length    39 section .text
start 000099a9 end 0000b827 length  7806 section .debug
start 00000349 end 000003c7 length   126 section .info.
start 00008000 end 00008080 length   128 section .const


                             -----------
                             Stack usage
                             -----------

Debug\dht11.o:
_PulseHighRead                           4   (4)
_PulseLowRead                            4   (4)
_ReadDHT11                              14   (4)
_ReadData                                9   (5)

Debug\main.o:
_CLK_Init                                2   (2)
_GPIO_Init                               2   (2)
_InitialMessageMaster                    2   (2)
_InitialMessageSlave                    10   (2)
_TIM_Init                                2   (2)
_delay_ms                               10   (8)
_delay_us                                2   (2)
_main                               >   23   (6)
_mcu_init                               16   (2)
_power_on_delay                         14   (4)

Debug\spi.o:
_BurstWrite                             11   (7)
_SPIBurstRead                           11   (7)
_SPICmd8bit                              4   (4)
_SPIRead                                 7   (3)
_SPIRead8bit                             4   (4)
_SPIWrite                                8   (4)

Debug\stm8_interrupt_vector.o:
f_NonHandledInterrupt               >    6   (6)
f_PBX_IO_Switch_HandledInterrupt    >    6   (6)
f_PDX_IO_Switch_HandledInterrupt    >    6   (6)
f_Timer1_Overflow_HandledInterrupt  >    6   (6)
f_Timer2_Overflow_HandledInterrupt  >    6   (6)
f_Uart1_RX_Data_HandledInterrupt    >    6   (6)
f_Uart1_TX_Data_HandledInterrupt    >    6   (6)

Debug\stm8s_flash.o:
_FLASH_DeInit                            2   (2)
_FLASH_ProgramByte                  >    9   (7)
_FLASH_ReadByte                          8   (6)
_FLASH_Unlock                            3   (3)

Debug\sx1276_7_8.o:
_sx1278_Config                          14   (3)
_sx1278_LoRaEntryRx                     17   (3)
_sx1278_LoRaEntryTx                     17   (3)
_sx1278_LoRaReadRSSI                >   11   (4)
_sx1278_LoRaRxPacket                    14   (3)
_sx1278_LoRaTxPacket                    14   (3)
_sx1278_ReadRSSI                    >   10   (3)

Stack size: 29


                              ---------
                              Call tree
                              ---------
   1 > _FLASH_ProgramByte: (7)

   2 > __stext: (0)

   3 > _main: (6)
   4      + _InitialMessageMaster: (2)
   5      + _InitialMessageSlave: (2)
   6      |    + _FLASH_ReadByte: (6)
          | 
   7      + _ReadDHT11: (4)
   8      |    + _PulseHighRead: (4)
   9      |    + _PulseLowRead: (4)
  10      |    + _ReadData: (5)
  11      |    |    + _PulseHighRead --> 8
  12      |    |    + _PulseLowRead --> 9
          |    | 
  13      |    + _delay_ms: (8)
  14      |    |    + _delay_us: (2)
          |    | 
          | 
  15      + _delay_ms --> 13
  16      + _mcu_init: (2)
  17      |    + _CLK_Init: (2)
  18      |    + _FLASH_DeInit: (2)
  19      |    + _FLASH_Unlock: (3)
  20      |    + _GPIO_Init: (2)
  21      |    + _TIM_Init: (2)
  22      |    + _delay_ms --> 13
  23      |    + _power_on_delay: (4)
  24      |    |    + _delay_ms --> 13
          |    | 
          | 
  25      + _sx1278_Config: (3)
  26      |    + _BurstWrite: (7)
  27      |    |    + _SPICmd8bit: (4)
          |    | 
  28      |    + _SPIRead: (3)
  29      |    |    + _SPICmd8bit --> 27
  30      |    |    + _SPIRead8bit: (4)
          |    | 
  31      |    + _SPIWrite: (4)
  32      |    |    + _SPICmd8bit --> 27
          |    | 
  33      |    + _delay_ms --> 13
          | 
  34      + _sx1278_LoRaEntryRx: (3)
  35      |    + _SPIRead --> 28
  36      |    + _SPIWrite --> 31
  37      |    + _sx1278_Config --> 25
          | 
  38      + _sx1278_LoRaEntryTx: (3)
  39      |    + _SPIRead --> 28
  40      |    + _SPIWrite --> 31
  41      |    + _sx1278_Config --> 25
          | 
  42      + _sx1278_LoRaRxPacket: (3)
  43      |    + _SPIBurstRead: (7)
  44      |    |    + _SPICmd8bit --> 27
  45      |    |    + _SPIRead8bit --> 30
          |    | 
  46      |    + _SPIRead --> 28
  47      |    + _SPIWrite --> 31
          | 
  48      + _sx1278_LoRaTxPacket: (3)
  49      |    + _BurstWrite --> 26
  50      |    + _SPIRead --> 28
  51      |    + _SPIWrite --> 31
          | 
       
  52 > _sx1278_LoRaReadRSSI: (4)
  53      + _SPIRead --> 28
       
  54 > _sx1278_ReadRSSI: (3)
  55      + _SPIRead --> 28
       
  56 > f_NonHandledInterrupt: (6)

  57 > f_PBX_IO_Switch_HandledInterrupt: (6)

  58 > f_PDX_IO_Switch_HandledInterrupt: (6)

  59 > f_Timer1_Overflow_HandledInterrupt: (6)

  60 > f_Timer2_Overflow_HandledInterrupt: (6)

  61 > f_Uart1_RX_Data_HandledInterrupt: (6)

  62 > f_Uart1_TX_Data_HandledInterrupt: (6)

  63   _BurstWrite --> 26

  64   _CLK_Init --> 17

  65   _FLASH_DeInit --> 18

  66   _FLASH_ReadByte --> 6

  67   _FLASH_Unlock --> 19

  68   _GPIO_Init --> 20

  69   _InitialMessageMaster --> 4

  70   _InitialMessageSlave --> 5

  71   _PulseHighRead --> 8

  72   _PulseLowRead --> 9

  73   _ReadDHT11 --> 7

  74   _ReadData --> 10

  75   _SPIBurstRead --> 43

  76   _SPICmd8bit --> 27

  77   _SPIRead --> 28

  78   _SPIRead8bit --> 30

  79   _SPIWrite --> 31

  80   _TIM_Init --> 21

  81   _delay_ms --> 13

  82   _delay_us --> 14

  83   _mcu_init --> 16

  84   _power_on_delay --> 23

  85   _sx1278_Config --> 25

  86   _sx1278_LoRaEntryRx --> 34

  87   _sx1278_LoRaEntryTx --> 38

  88   _sx1278_LoRaRxPacket --> 42

  89   _sx1278_LoRaTxPacket --> 48



                               -------
                               Symbols
                               -------

_ADC_AWCR                            0000540e   defined in Debug\dht11.o
_ADC_AWCRH                           0000540e   defined in Debug\dht11.o
_ADC_AWCRL                           0000540f   defined in Debug\dht11.o
_ADC_AWSR                            0000540c   defined in Debug\dht11.o
_ADC_AWSRH                           0000540c   defined in Debug\dht11.o
_ADC_AWSRL                           0000540d   defined in Debug\dht11.o
_ADC_CR1                             00005401   defined in Debug\dht11.o
_ADC_CR2                             00005402   defined in Debug\dht11.o
_ADC_CR3                             00005403   defined in Debug\dht11.o
_ADC_CSR                             00005400   defined in Debug\dht11.o
_ADC_DB0R                            000053e0   defined in Debug\dht11.o
_ADC_DB0RH                           000053e0   defined in Debug\dht11.o
_ADC_DB0RL                           000053e1   defined in Debug\dht11.o
_ADC_DB1R                            000053e2   defined in Debug\dht11.o
_ADC_DB1RH                           000053e2   defined in Debug\dht11.o
_ADC_DB1RL                           000053e3   defined in Debug\dht11.o
_ADC_DB2R                            000053e4   defined in Debug\dht11.o
_ADC_DB2RH                           000053e4   defined in Debug\dht11.o
_ADC_DB2RL                           000053e5   defined in Debug\dht11.o
_ADC_DB3R                            000053e6   defined in Debug\dht11.o
_ADC_DB3RH                           000053e6   defined in Debug\dht11.o
_ADC_DB3RL                           000053e7   defined in Debug\dht11.o
_ADC_DB4R                            000053e8   defined in Debug\dht11.o
_ADC_DB4RH                           000053e8   defined in Debug\dht11.o
_ADC_DB4RL                           000053e9   defined in Debug\dht11.o
_ADC_DB5R                            000053ea   defined in Debug\dht11.o
_ADC_DB5RH                           000053ea   defined in Debug\dht11.o
_ADC_DB5RL                           000053eb   defined in Debug\dht11.o
_ADC_DB6R                            000053ec   defined in Debug\dht11.o
_ADC_DB6RH                           000053ec   defined in Debug\dht11.o
_ADC_DB6RL                           000053ed   defined in Debug\dht11.o
_ADC_DB7R                            000053ee   defined in Debug\dht11.o
_ADC_DB7RH                           000053ee   defined in Debug\dht11.o
_ADC_DB7RL                           000053ef   defined in Debug\dht11.o
_ADC_DB8R                            000053f0   defined in Debug\dht11.o
_ADC_DB8RH                           000053f0   defined in Debug\dht11.o
_ADC_DB8RL                           000053f1   defined in Debug\dht11.o
_ADC_DB9R                            000053f2   defined in Debug\dht11.o
_ADC_DB9RH                           000053f2   defined in Debug\dht11.o
_ADC_DB9RL                           000053f3   defined in Debug\dht11.o
_ADC_DR                              00005404   defined in Debug\dht11.o
_ADC_DRH                             00005404   defined in Debug\dht11.o
_ADC_DRL                             00005405   defined in Debug\dht11.o
_ADC_HTR                             00005408   defined in Debug\dht11.o
_ADC_HTRH                            00005408   defined in Debug\dht11.o
_ADC_HTRL                            00005409   defined in Debug\dht11.o
_ADC_LTR                             0000540a   defined in Debug\dht11.o
_ADC_LTRH                            0000540a   defined in Debug\dht11.o
_ADC_LTRL                            0000540b   defined in Debug\dht11.o
_ADC_TDR                             00005406   defined in Debug\dht11.o
_ADC_TDRH                            00005406   defined in Debug\dht11.o
_ADC_TDRL                            00005407   defined in Debug\dht11.o
_AWU_APR                             000050f1   defined in Debug\dht11.o
_AWU_CSR                             000050f0   defined in Debug\dht11.o
_AWU_TBR                             000050f2   defined in Debug\dht11.o
_BEEP_CSR                            000050f3   defined in Debug\dht11.o
_BandWide_Sel                        00000012   defined in Debug\main.o section .ubsct
                                                used in Debug\sx1276_7_8.o
_BurstWrite                          0000869c   defined in Debug\spi.o section .text
                                                used in Debug\sx1276_7_8.o
_CFG_GCR                             00007f60   defined in Debug\dht11.o
_CLK_CANCCR                          000050cb   defined in Debug\dht11.o
_CLK_CCOR                            000050c9   defined in Debug\dht11.o
_CLK_CKDIVR                          000050c6   defined in Debug\dht11.o
_CLK_CMSR                            000050c3   defined in Debug\dht11.o
_CLK_CSSR                            000050c8   defined in Debug\dht11.o
_CLK_ECKR                            000050c1   defined in Debug\dht11.o
_CLK_HSITRIMR                        000050cc   defined in Debug\dht11.o
_CLK_ICKR                            000050c0   defined in Debug\dht11.o
_CLK_Init                            000083d3   defined in Debug\main.o section .text
_CLK_PCKENR1                         000050c7   defined in Debug\dht11.o
_CLK_PCKENR2                         000050ca   defined in Debug\dht11.o
_CLK_SWCR                            000050c5   defined in Debug\dht11.o
_CLK_SWIMCCR                         000050cd   defined in Debug\dht11.o
_CLK_SWR                             000050c4   defined in Debug\dht11.o
_DHT11Data                           00000000   defined in Debug\dht11.o section .ubsct
_DHT11Humi                           00000007   defined in Debug\dht11.o section .ubsct
_DHT11Temp                           00000005   defined in Debug\dht11.o section .ubsct
_EXTI_CR1                            000050a0   defined in Debug\dht11.o
_EXTI_CR2                            000050a1   defined in Debug\dht11.o
_FLASH_CR1                           0000505a   defined in Debug\dht11.o
_FLASH_CR2                           0000505b   defined in Debug\dht11.o
_FLASH_DUKR                          00005064   defined in Debug\dht11.o
_FLASH_DeInit                        000086f9   defined in Debug\stm8s_flash.o section .text
                                                used in Debug\main.o
_FLASH_FPR                           0000505d   defined in Debug\dht11.o
_FLASH_IAPSR                         0000505f   defined in Debug\dht11.o
_FLASH_NCR2                          0000505c   defined in Debug\dht11.o
_FLASH_NFPR                          0000505e   defined in Debug\dht11.o
_FLASH_PUKR                          00005062   defined in Debug\dht11.o
_FLASH_ProgramByte                   00008711   defined in Debug\stm8s_flash.o section .text
_FLASH_ReadByte                      00008753   defined in Debug\stm8s_flash.o section .text
                                                used in Debug\main.o
_FLASH_Unlock                        000086d8   defined in Debug\stm8s_flash.o section .text
                                                used in Debug\main.o
_Freq_Sel                            00000015   defined in Debug\main.o section .ubsct
                                                used in Debug\sx1276_7_8.o
_Fsk_Rate_Sel                        00000011   defined in Debug\main.o section .ubsct
_GPIO_Init                           0000836f   defined in Debug\main.o section .text
_I2C_CCRH                            0000521c   defined in Debug\dht11.o
_I2C_CCRL                            0000521b   defined in Debug\dht11.o
_I2C_CR1                             00005210   defined in Debug\dht11.o
_I2C_CR2                             00005211   defined in Debug\dht11.o
_I2C_DR                              00005216   defined in Debug\dht11.o
_I2C_FREQR                           00005212   defined in Debug\dht11.o
_I2C_ITR                             0000521a   defined in Debug\dht11.o
_I2C_OARH                            00005214   defined in Debug\dht11.o
_I2C_OARL                            00005213   defined in Debug\dht11.o
_I2C_PECR                            0000521e   defined in Debug\dht11.o
_I2C_SR1                             00005217   defined in Debug\dht11.o
_I2C_SR2                             00005218   defined in Debug\dht11.o
_I2C_SR3                             00005219   defined in Debug\dht11.o
_I2C_TRISER                          0000521d   defined in Debug\dht11.o
_ITC_SPR1                            00007f70   defined in Debug\dht11.o
_ITC_SPR2                            00007f71   defined in Debug\dht11.o
_ITC_SPR3                            00007f72   defined in Debug\dht11.o
_ITC_SPR4                            00007f73   defined in Debug\dht11.o
_ITC_SPR5                            00007f74   defined in Debug\dht11.o
_ITC_SPR6                            00007f75   defined in Debug\dht11.o
_ITC_SPR7                            00007f76   defined in Debug\dht11.o
_IWDG_KR                             000050e0   defined in Debug\dht11.o
_IWDG_PR                             000050e1   defined in Debug\dht11.o
_IWDG_RLR                            000050e2   defined in Debug\dht11.o
_InitialMessageMaster                00008547   defined in Debug\main.o section .text
_InitialMessageSlave                 0000841f   defined in Debug\main.o section .text
_Lora_Rate_Sel                       00000013   defined in Debug\main.o section .ubsct
                                                used in Debug\sx1276_7_8.o
_MasterModeFlag                      00000009   defined in Debug\main.o section .ubsct
_Message                             00000017   defined in Debug\sx1276_7_8.o section .ubsct
                                                used in Debug\main.o
_PA_CR1                              00005003   defined in Debug\dht11.o
_PA_CR2                              00005004   defined in Debug\dht11.o
_PA_DDR                              00005002   defined in Debug\dht11.o
_PA_IDR                              00005001   defined in Debug\dht11.o
_PA_ODR                              00005000   defined in Debug\dht11.o
_PB_CR1                              00005008   defined in Debug\dht11.o
_PB_CR2                              00005009   defined in Debug\dht11.o
_PB_DDR                              00005007   defined in Debug\dht11.o
_PB_IDR                              00005006   defined in Debug\dht11.o
_PB_ODR                              00005005   defined in Debug\dht11.o
_PC_CR1                              0000500d   defined in Debug\dht11.o
_PC_CR2                              0000500e   defined in Debug\dht11.o
_PC_DDR                              0000500c   defined in Debug\dht11.o
_PC_IDR                              0000500b   defined in Debug\dht11.o
_PC_ODR                              0000500a   defined in Debug\dht11.o
_PD_CR1                              00005012   defined in Debug\dht11.o
_PD_CR2                              00005013   defined in Debug\dht11.o
_PD_DDR                              00005011   defined in Debug\dht11.o
_PD_IDR                              00005010   defined in Debug\dht11.o
_PD_ODR                              0000500f   defined in Debug\dht11.o
_PE_CR1                              00005017   defined in Debug\dht11.o
_PE_CR2                              00005018   defined in Debug\dht11.o
_PE_DDR                              00005016   defined in Debug\dht11.o
_PE_IDR                              00005015   defined in Debug\dht11.o
_PE_ODR                              00005014   defined in Debug\dht11.o
_PF_CR1                              0000501c   defined in Debug\dht11.o
_PF_CR2                              0000501d   defined in Debug\dht11.o
_PF_DDR                              0000501b   defined in Debug\dht11.o
_PF_IDR                              0000501a   defined in Debug\dht11.o
_PF_ODR                              00005019   defined in Debug\dht11.o
_Power_Sel                           00000014   defined in Debug\main.o section .ubsct
                                                used in Debug\sx1276_7_8.o
_PulseHighRead                       000081e5   defined in Debug\dht11.o section .text
_PulseLowRead                        0000820c   defined in Debug\dht11.o section .text
_RST_SR                              000050b3   defined in Debug\dht11.o
_ReadDHT11                           0000810c   defined in Debug\dht11.o section .text
                                                used in Debug\main.o
_ReadData                            00008196   defined in Debug\dht11.o section .text
_RxData                              00000035   defined in Debug\sx1276_7_8.o section .ubsct
_SPIBurstRead                        00008660   defined in Debug\spi.o section .text
                                                used in Debug\sx1276_7_8.o
_SPICmd8bit                          000085c2   defined in Debug\spi.o section .text
_SPIRead                             00008624   defined in Debug\spi.o section .text
                                                used in Debug\sx1276_7_8.o
_SPIRead8bit                         000085ee   defined in Debug\spi.o section .text
_SPIWrite                            00008642   defined in Debug\spi.o section .text
                                                used in Debug\sx1276_7_8.o
_SPI_CR1                             00005200   defined in Debug\dht11.o
_SPI_CR2                             00005201   defined in Debug\dht11.o
_SPI_CRCPR                           00005205   defined in Debug\dht11.o
_SPI_DR                              00005204   defined in Debug\dht11.o
_SPI_ICR                             00005202   defined in Debug\dht11.o
_SPI_RXCRCR                          00005206   defined in Debug\dht11.o
_SPI_SR                              00005203   defined in Debug\dht11.o
_SPI_TXCRCR                          00005207   defined in Debug\dht11.o
_SysTime                             0000000f   defined in Debug\main.o section .ubsct
                                                used in Debug\sx1276_7_8.o
                                                        Debug\stm8_interrupt_vector.o
_SystemFlag                          0000000a   defined in Debug\main.o section .ubsct
_TIM1_ARR                            00005262   defined in Debug\dht11.o
_TIM1_ARRH                           00005262   defined in Debug\dht11.o
_TIM1_ARRL                           00005263   defined in Debug\dht11.o
_TIM1_BKR                            0000526d   defined in Debug\dht11.o
_TIM1_CCER1                          0000525c   defined in Debug\dht11.o
_TIM1_CCER2                          0000525d   defined in Debug\dht11.o
_TIM1_CCMR1                          00005258   defined in Debug\dht11.o
_TIM1_CCMR2                          00005259   defined in Debug\dht11.o
_TIM1_CCMR3                          0000525a   defined in Debug\dht11.o
_TIM1_CCMR4                          0000525b   defined in Debug\dht11.o
_TIM1_CCR1                           00005265   defined in Debug\dht11.o
_TIM1_CCR1H                          00005265   defined in Debug\dht11.o
_TIM1_CCR1L                          00005266   defined in Debug\dht11.o
_TIM1_CCR2                           00005267   defined in Debug\dht11.o
_TIM1_CCR2H                          00005267   defined in Debug\dht11.o
_TIM1_CCR2L                          00005268   defined in Debug\dht11.o
_TIM1_CCR3                           00005269   defined in Debug\dht11.o
_TIM1_CCR3H                          00005269   defined in Debug\dht11.o
_TIM1_CCR3L                          0000526a   defined in Debug\dht11.o
_TIM1_CCR4                           0000526b   defined in Debug\dht11.o
_TIM1_CCR4H                          0000526b   defined in Debug\dht11.o
_TIM1_CCR4L                          0000526c   defined in Debug\dht11.o
_TIM1_CNTR                           0000525e   defined in Debug\dht11.o
_TIM1_CNTRH                          0000525e   defined in Debug\dht11.o
_TIM1_CNTRL                          0000525f   defined in Debug\dht11.o
_TIM1_CR1                            00005250   defined in Debug\dht11.o
_TIM1_CR2                            00005251   defined in Debug\dht11.o
_TIM1_DTR                            0000526e   defined in Debug\dht11.o
_TIM1_EGR                            00005257   defined in Debug\dht11.o
_TIM1_ETR                            00005253   defined in Debug\dht11.o
_TIM1_IER                            00005254   defined in Debug\dht11.o
_TIM1_OISR                           0000526f   defined in Debug\dht11.o
_TIM1_PSCR                           00005260   defined in Debug\dht11.o
_TIM1_PSCRH                          00005260   defined in Debug\dht11.o
_TIM1_PSCRL                          00005261   defined in Debug\dht11.o
_TIM1_RCR                            00005264   defined in Debug\dht11.o
_TIM1_SMCR                           00005252   defined in Debug\dht11.o
_TIM1_SR1                            00005255   defined in Debug\dht11.o
_TIM1_SR2                            00005256   defined in Debug\dht11.o
_TIM2_ARR                            0000530f   defined in Debug\dht11.o
_TIM2_ARRH                           0000530f   defined in Debug\dht11.o
_TIM2_ARRL                           00005310   defined in Debug\dht11.o
_TIM2_CCER1                          0000530a   defined in Debug\dht11.o
_TIM2_CCER2                          0000530b   defined in Debug\dht11.o
_TIM2_CCMR1                          00005307   defined in Debug\dht11.o
_TIM2_CCMR2                          00005308   defined in Debug\dht11.o
_TIM2_CCMR3                          00005309   defined in Debug\dht11.o
_TIM2_CCR1                           00005311   defined in Debug\dht11.o
_TIM2_CCR1H                          00005311   defined in Debug\dht11.o
_TIM2_CCR1L                          00005312   defined in Debug\dht11.o
_TIM2_CCR2                           00005313   defined in Debug\dht11.o
_TIM2_CCR2H                          00005313   defined in Debug\dht11.o
_TIM2_CCR2L                          00005314   defined in Debug\dht11.o
_TIM2_CCR3                           00005315   defined in Debug\dht11.o
_TIM2_CCR3H                          00005315   defined in Debug\dht11.o
_TIM2_CCR3L                          00005316   defined in Debug\dht11.o
_TIM2_CNTR                           0000530c   defined in Debug\dht11.o
_TIM2_CNTRH                          0000530c   defined in Debug\dht11.o
_TIM2_CNTRL                          0000530d   defined in Debug\dht11.o
_TIM2_CR1                            00005300   defined in Debug\dht11.o
_TIM2_EGR                            00005306   defined in Debug\dht11.o
_TIM2_IER                            00005303   defined in Debug\dht11.o
_TIM2_PSCR                           0000530e   defined in Debug\dht11.o
_TIM2_SR1                            00005304   defined in Debug\dht11.o
_TIM2_SR2                            00005305   defined in Debug\dht11.o
_TIM4_ARR                            00005348   defined in Debug\dht11.o
_TIM4_CNTR                           00005346   defined in Debug\dht11.o
_TIM4_CR1                            00005340   defined in Debug\dht11.o
_TIM4_EGR                            00005345   defined in Debug\dht11.o
_TIM4_IER                            00005343   defined in Debug\dht11.o
_TIM4_PSCR                           00005347   defined in Debug\dht11.o
_TIM4_SR                             00005344   defined in Debug\dht11.o
_TIM_Init                            000083f6   defined in Debug\main.o section .text
_UART1_BRR1                          00005232   defined in Debug\dht11.o
_UART1_BRR2                          00005233   defined in Debug\dht11.o
_UART1_CR1                           00005234   defined in Debug\dht11.o
_UART1_CR2                           00005235   defined in Debug\dht11.o
_UART1_CR3                           00005236   defined in Debug\dht11.o
_UART1_CR4                           00005237   defined in Debug\dht11.o
_UART1_CR5                           00005238   defined in Debug\dht11.o
_UART1_DR                            00005231   defined in Debug\dht11.o
_UART1_GTR                           00005239   defined in Debug\dht11.o
_UART1_PSCR                          0000523a   defined in Debug\dht11.o
_UART1_SR                            00005230   defined in Debug\dht11.o
_WWDG_CR                             000050d1   defined in Debug\dht11.o
_WWDG_WR                             000050d2   defined in Debug\dht11.o
__endmem                             000001ff   defined in command file
                                                *** not used ***
__endzp                              0000007f   defined in command file section .ubsct
                                                used in D:\Program Files (x86)\COSMIC\CXSTM8_EVAL\lib\crtsi0.sm8
__idesc__                            000080be   defined in linker section .init
                                                used in D:\Program Files (x86)\COSMIC\CXSTM8_EVAL\lib\crtsi0.sm8
__memory                             00000100   defined in command file section .bss
                                                used in D:\Program Files (x86)\COSMIC\CXSTM8_EVAL\lib\crtsi0.sm8
__stack                              000003ff   defined in command file
                                                used in D:\Program Files (x86)\COSMIC\CXSTM8_EVAL\lib\crtsi0.sm8
__startmem                           00000100   defined in command file section .bss
                                                *** not used ***
__stext                              000080c1   defined in D:\Program Files (x86)\COSMIC\CXSTM8_EVAL\lib\crtsi0.sm8 section .text
                                                used in Debug\stm8_interrupt_vector.o
__vectab                             00008000   defined in Debug\stm8_interrupt_vector.o section .const
_delay_ms                            00008592   defined in Debug\main.o section .text
                                                used in Debug\dht11.o
                                                        Debug\sx1276_7_8.o
_delay_us                            000085c0   defined in Debug\main.o section .text
_exit                                0000810a   defined in D:\Program Files (x86)\COSMIC\CXSTM8_EVAL\lib\crtsi0.sm8 section .text
_main                                00008233   defined in Debug\main.o section .text
                                                used in D:\Program Files (x86)\COSMIC\CXSTM8_EVAL\lib\crtsi0.sm8
_mcu_init                            00008347   defined in Debug\main.o section .text
_mode                                00000016   defined in Debug\main.o section .ubsct
_power_on_delay                      000083dc   defined in Debug\main.o section .text
_rf_rx_packet_length                 0000000c   defined in Debug\main.o section .ubsct
_sx1278Data                          000080a8   defined in Debug\sx1276_7_8.o section .const
_sx1278FreqTable                     00008090   defined in Debug\sx1276_7_8.o section .const
_sx1278LoRaBwTable                   0000809e   defined in Debug\sx1276_7_8.o section .const
_sx1278PowerTable                    00008093   defined in Debug\sx1276_7_8.o section .const
_sx1278SpreadFactorTable             00008097   defined in Debug\sx1276_7_8.o section .const
_sx1278_Config                       00008932   defined in Debug\sx1276_7_8.o section .text
                                                used in Debug\main.o
_sx1278_LoRaEntryRx                  00008794   defined in Debug\sx1276_7_8.o section .text
                                                used in Debug\main.o
_sx1278_LoRaEntryTx                  0000888e   defined in Debug\sx1276_7_8.o section .text
                                                used in Debug\main.o
_sx1278_LoRaReadRSSI                 000087f6   defined in Debug\sx1276_7_8.o section .text
_sx1278_LoRaRxPacket                 0000880b   defined in Debug\sx1276_7_8.o section .text
                                                used in Debug\main.o
_sx1278_LoRaTxPacket                 000088ec   defined in Debug\sx1276_7_8.o section .text
                                                used in Debug\main.o
_sx1278_ReadRSSI                     0000891d   defined in Debug\sx1276_7_8.o section .text
_time2_count                         0000000d   defined in Debug\main.o section .ubsct
_time_flag                           0000000b   defined in Debug\main.o section .ubsct
                                                used in Debug\stm8_interrupt_vector.o
c_lcmp                               00008a20   defined in (D:\Program Files (x86)\COSMIC\CXSTM8_EVAL\lib\libm0.sm8)lcmp.o section .text
                                                used in Debug\stm8s_flash.o
c_lreg                               00000075   defined in (D:\Program Files (x86)\COSMIC\CXSTM8_EVAL\lib\libm0.sm8)lreg.o section .ubsct
                                                used in (D:\Program Files (x86)\COSMIC\CXSTM8_EVAL\lib\libm0.sm8)lcmp.o
                                                        (D:\Program Files (x86)\COSMIC\CXSTM8_EVAL\lib\libm0.sm8)ltor.o
c_ltor                               00008a40   defined in (D:\Program Files (x86)\COSMIC\CXSTM8_EVAL\lib\libm0.sm8)ltor.o section .text
                                                used in Debug\stm8s_flash.o
c_x                                  00000079   defined in (D:\Program Files (x86)\COSMIC\CXSTM8_EVAL\lib\libm0.sm8)xreg.o section .ubsct
                                                used in D:\Program Files (x86)\COSMIC\CXSTM8_EVAL\lib\crtsi0.sm8
c_y                                  0000007c   defined in (D:\Program Files (x86)\COSMIC\CXSTM8_EVAL\lib\libm0.sm8)yreg.o section .ubsct
                                                used in D:\Program Files (x86)\COSMIC\CXSTM8_EVAL\lib\crtsi0.sm8
f_NonHandledInterrupt                00008a78   defined in Debug\stm8_interrupt_vector.o section .text
f_PBX_IO_Switch_HandledInterrupt     00008a52   defined in Debug\stm8_interrupt_vector.o section .text
f_PDX_IO_Switch_HandledInterrupt     00008a53   defined in Debug\stm8_interrupt_vector.o section .text
f_Timer1_Overflow_HandledInterrupt   00008a54   defined in Debug\stm8_interrupt_vector.o section .text
f_Timer2_Overflow_HandledInterrupt   00008a75   defined in Debug\stm8_interrupt_vector.o section .text
f_Uart1_RX_Data_HandledInterrupt     00008a77   defined in Debug\stm8_interrupt_vector.o section .text
f_Uart1_TX_Data_HandledInterrupt     00008a76   defined in Debug\stm8_interrupt_vector.o section .text
